MPLINK 5.09, LINKER
Linker Map File - Created Sun Mar 01 14:49:34 2020

                                 Section Info
                  Section       Type    Address   Location Size(Bytes)
                ---------  ---------  ---------  ---------  ---------
                      rst       code   0x000000    program   0x000004
                   .cinit    romdata   0x000004    program   0x000002
                     Main       code   0x000006    program   0x000518
                     main       code   0x00051e    program   0x0003ec
                  Storage       code   0x00090a    program   0x0002b6
                     glcd       code   0x000bc0    program   0x00018c
                     grid       code   0x000d4c    program   0x0000c4
              PMCodeTable       code   0x000e10    program   0x000020
.config_300000_BUILD/DEFAULT/PRODUCTION/CONFIG.    romdata   0x300000    program   0x000001
.config_300001_BUILD/DEFAULT/PRODUCTION/CONFIG.    romdata   0x300001    program   0x000001
.config_300002_BUILD/DEFAULT/PRODUCTION/CONFIG.    romdata   0x300002    program   0x000001
.config_300003_BUILD/DEFAULT/PRODUCTION/CONFIG.    romdata   0x300003    program   0x000001
.config_300004_BUILD/DEFAULT/PRODUCTION/CONFIG.    romdata   0x300004    program   0x000001
.config_300005_BUILD/DEFAULT/PRODUCTION/CONFIG.    romdata   0x300005    program   0x000001
.config_300006_BUILD/DEFAULT/PRODUCTION/CONFIG.    romdata   0x300006    program   0x000001
.config_300008_BUILD/DEFAULT/PRODUCTION/CONFIG.    romdata   0x300008    program   0x000001
.config_300009_BUILD/DEFAULT/PRODUCTION/CONFIG.    romdata   0x300009    program   0x000001
.config_30000A_BUILD/DEFAULT/PRODUCTION/CONFIG.    romdata   0x30000a    program   0x000001
.config_30000B_BUILD/DEFAULT/PRODUCTION/CONFIG.    romdata   0x30000b    program   0x000001
.config_30000C_BUILD/DEFAULT/PRODUCTION/CONFIG.    romdata   0x30000c    program   0x000001
.config_30000D_BUILD/DEFAULT/PRODUCTION/CONFIG.    romdata   0x30000d    program   0x000001
                     acs0      udata   0x000000       data   0x00002d
                   PadLoc      udata   0x00002d       data   0x000004
                     vars      udata   0x000031       data   0x000002
     Write_Message_RAM300      udata   0x000300       data   0x000040
       Write_Cells_RAM400      udata   0x000400       data   0x000042
       Write_Cells_RAM500      udata   0x000500       data   0x000037
            KeyPad_RAM600      udata   0x000600       data   0x00001e
            Boards_RAM700      udata   0x000700       data   0x0000a2
            Boards_RAM800      udata   0x000800       data   0x000051



                              Program Memory Usage 
                               Start         End      
                           ---------   ---------      
                            0x000000    0x000e2f      
                            0x300000    0x300006      
                            0x300008    0x30000d      
            3645 out of 132120 program addresses used, program memory utilization is 2%



                              Symbols - Sorted by Name
                     Name    Address   Location    Storage File                     
                ---------  ---------  ---------  --------- ---------                
                     A_PM   0x000a52    program     static C:\Users\dkter\Desktop\Jac-n-Dak-LocalLab\Jac-n-Dak-LocalLab\Sudoku-Final.X\Write_Message.asm
                     C_PM   0x0009e4    program     static C:\Users\dkter\Desktop\Jac-n-Dak-LocalLab\Jac-n-Dak-LocalLab\Sudoku-Final.X\Write_Message.asm
              Clear_Board   0x000bec    program     extern C:\Users\dkter\Desktop\Jac-n-Dak-LocalLab\Jac-n-Dak-LocalLab\Sudoku-Final.X\GLCD.asm
             Create_Board   0x000724    program     extern C:\Users\dkter\Desktop\Jac-n-Dak-LocalLab\Jac-n-Dak-LocalLab\Sudoku-Final.X\Sudoku_Setup.asm
       Create_Empty_Board   0x0008d4    program     extern C:\Users\dkter\Desktop\Jac-n-Dak-LocalLab\Jac-n-Dak-LocalLab\Sudoku-Final.X\Sudoku_Setup.asm
                     D_PM   0x000a3a    program     static C:\Users\dkter\Desktop\Jac-n-Dak-LocalLab\Jac-n-Dak-LocalLab\Sudoku-Final.X\Write_Message.asm
                    Delay   0x00051e    program     static C:\Users\dkter\Desktop\Jac-n-Dak-LocalLab\Jac-n-Dak-LocalLab\Sudoku-Final.X\KeyPad.asm
                    Delay   0x000d42    program     static C:\Users\dkter\Desktop\Jac-n-Dak-LocalLab\Jac-n-Dak-LocalLab\Sudoku-Final.X\GLCD.asm
                     Down   0x000672    program     static C:\Users\dkter\Desktop\Jac-n-Dak-LocalLab\Jac-n-Dak-LocalLab\Sudoku-Final.X\Sudoku_Logic.asm
                Draw_Grid   0x000d4c    program     extern C:\Users\dkter\Desktop\Jac-n-Dak-LocalLab\Jac-n-Dak-LocalLab\Sudoku-Final.X\Draw_Grid.asm
            Draw_Grid_Row   0x000dce    program     static C:\Users\dkter\Desktop\Jac-n-Dak-LocalLab\Jac-n-Dak-LocalLab\Sudoku-Final.X\Draw_Grid.asm
                E_Mark_PM   0x000a0e    program     static C:\Users\dkter\Desktop\Jac-n-Dak-LocalLab\Jac-n-Dak-LocalLab\Sudoku-Final.X\Write_Message.asm
                     E_PM   0x0009fc    program     static C:\Users\dkter\Desktop\Jac-n-Dak-LocalLab\Jac-n-Dak-LocalLab\Sudoku-Final.X\Write_Message.asm
                  E_Pulse   0x000d34    program     static C:\Users\dkter\Desktop\Jac-n-Dak-LocalLab\Jac-n-Dak-LocalLab\Sudoku-Final.X\GLCD.asm
               GLCD_Setup   0x000bc0    program     extern C:\Users\dkter\Desktop\Jac-n-Dak-LocalLab\Jac-n-Dak-LocalLab\Sudoku-Final.X\GLCD.asm
                     G_PM   0x000a22    program     static C:\Users\dkter\Desktop\Jac-n-Dak-LocalLab\Jac-n-Dak-LocalLab\Sudoku-Final.X\Write_Message.asm
               Give_Input   0x00056c    program     extern C:\Users\dkter\Desktop\Jac-n-Dak-LocalLab\Jac-n-Dak-LocalLab\Sudoku-Final.X\KeyPad.asm
                     J_PM   0x000a4a    program     static C:\Users\dkter\Desktop\Jac-n-Dak-LocalLab\Jac-n-Dak-LocalLab\Sudoku-Final.X\Write_Message.asm
                     K_PM   0x000a42    program     static C:\Users\dkter\Desktop\Jac-n-Dak-LocalLab\Jac-n-Dak-LocalLab\Sudoku-Final.X\Write_Message.asm
                   LMrdlp   0x00007a    program     static C:\Users\dkter\Desktop\Jac-n-Dak-LocalLab\Jac-n-Dak-LocalLab\Sudoku-Final.X\Write_Cells.asm
                     N_PM   0x000a1a    program     static C:\Users\dkter\Desktop\Jac-n-Dak-LocalLab\Jac-n-Dak-LocalLab\Sudoku-Final.X\Write_Message.asm
                     O_PM   0x0009ec    program     static C:\Users\dkter\Desktop\Jac-n-Dak-LocalLab\Jac-n-Dak-LocalLab\Sudoku-Final.X\Write_Message.asm
                 PadSetup   0x000528    program     extern C:\Users\dkter\Desktop\Jac-n-Dak-LocalLab\Jac-n-Dak-LocalLab\Sudoku-Final.X\KeyPad.asm
                     R_PM   0x0009f4    program     static C:\Users\dkter\Desktop\Jac-n-Dak-LocalLab\Jac-n-Dak-LocalLab\Sudoku-Final.X\Write_Message.asm
               Read_Block   0x000c32    program     extern C:\Users\dkter\Desktop\Jac-n-Dak-LocalLab\Jac-n-Dak-LocalLab\Sudoku-Final.X\GLCD.asm
Read_and_Replace_GLCD_Chunk   0x0001ce    program     static C:\Users\dkter\Desktop\Jac-n-Dak-LocalLab\Jac-n-Dak-LocalLab\Sudoku-Final.X\Write_Cells.asm
          Read_in_Board_1   0x00078e    program     static C:\Users\dkter\Desktop\Jac-n-Dak-LocalLab\Jac-n-Dak-LocalLab\Sudoku-Final.X\Sudoku_Setup.asm
            Read_in_Shape   0x0001b0    program     static C:\Users\dkter\Desktop\Jac-n-Dak-LocalLab\Jac-n-Dak-LocalLab\Sudoku-Final.X\Write_Cells.asm
        Reset_GLCD_Cursor   0x000cd6    program     static C:\Users\dkter\Desktop\Jac-n-Dak-LocalLab\Jac-n-Dak-LocalLab\Sudoku-Final.X\GLCD.asm
                    Right   0x000678    program     static C:\Users\dkter\Desktop\Jac-n-Dak-LocalLab\Jac-n-Dak-LocalLab\Sudoku-Final.X\Sudoku_Logic.asm
                   S1rdlp   0x00009a    program     static C:\Users\dkter\Desktop\Jac-n-Dak-LocalLab\Jac-n-Dak-LocalLab\Sudoku-Final.X\Write_Cells.asm
                   S2rdlp   0x0000b6    program     static C:\Users\dkter\Desktop\Jac-n-Dak-LocalLab\Jac-n-Dak-LocalLab\Sudoku-Final.X\Write_Cells.asm
                   S3rdlp   0x0000d2    program     static C:\Users\dkter\Desktop\Jac-n-Dak-LocalLab\Jac-n-Dak-LocalLab\Sudoku-Final.X\Write_Cells.asm
                   S4rdlp   0x0000ee    program     static C:\Users\dkter\Desktop\Jac-n-Dak-LocalLab\Jac-n-Dak-LocalLab\Sudoku-Final.X\Write_Cells.asm
                     S_PM   0x000a2a    program     static C:\Users\dkter\Desktop\Jac-n-Dak-LocalLab\Jac-n-Dak-LocalLab\Sudoku-Final.X\Write_Message.asm
                Send_Data   0x000d1c    program     extern C:\Users\dkter\Desktop\Jac-n-Dak-LocalLab\Jac-n-Dak-LocalLab\Sudoku-Final.X\GLCD.asm
               Send_Instr   0x000d28    program     static C:\Users\dkter\Desktop\Jac-n-Dak-LocalLab\Jac-n-Dak-LocalLab\Sudoku-Final.X\GLCD.asm
        Set_GLCD_Cursor_X   0x000ce4    program     extern C:\Users\dkter\Desktop\Jac-n-Dak-LocalLab\Jac-n-Dak-LocalLab\Sudoku-Final.X\GLCD.asm
      Set_GLCD_Cursor_X_2   0x000cf4    program     extern C:\Users\dkter\Desktop\Jac-n-Dak-LocalLab\Jac-n-Dak-LocalLab\Sudoku-Final.X\GLCD.asm
        Set_GLCD_Cursor_Y   0x000cec    program     extern C:\Users\dkter\Desktop\Jac-n-Dak-LocalLab\Jac-n-Dak-LocalLab\Sudoku-Final.X\GLCD.asm
      Set_GLCD_Cursor_Y_2   0x000d08    program     extern C:\Users\dkter\Desktop\Jac-n-Dak-LocalLab\Jac-n-Dak-LocalLab\Sudoku-Final.X\GLCD.asm
               Shapes_PM1   0x000976    program     static C:\Users\dkter\Desktop\Jac-n-Dak-LocalLab\Jac-n-Dak-LocalLab\Sudoku-Final.X\Write_Cells.asm
               Shapes_PM2   0x000994    program     static C:\Users\dkter\Desktop\Jac-n-Dak-LocalLab\Jac-n-Dak-LocalLab\Sudoku-Final.X\Write_Cells.asm
               Shapes_PM3   0x0009b2    program     static C:\Users\dkter\Desktop\Jac-n-Dak-LocalLab\Jac-n-Dak-LocalLab\Sudoku-Final.X\Write_Cells.asm
               Shapes_PM4   0x0009d0    program     static C:\Users\dkter\Desktop\Jac-n-Dak-LocalLab\Jac-n-Dak-LocalLab\Sudoku-Final.X\Write_Cells.asm
                     T_PM   0x000a04    program     static C:\Users\dkter\Desktop\Jac-n-Dak-LocalLab\Jac-n-Dak-LocalLab\Sudoku-Final.X\Write_Message.asm
               Test_Write   0x000c56    program     extern C:\Users\dkter\Desktop\Jac-n-Dak-LocalLab\Jac-n-Dak-LocalLab\Sudoku-Final.X\GLCD.asm
             Test_Write_2   0x000caa    program     extern C:\Users\dkter\Desktop\Jac-n-Dak-LocalLab\Jac-n-Dak-LocalLab\Sudoku-Final.X\GLCD.asm
                 Throttle   0x00063a    program     static C:\Users\dkter\Desktop\Jac-n-Dak-LocalLab\Jac-n-Dak-LocalLab\Sudoku-Final.X\Main.asm
                   UMrdlp   0x00005a    program     static C:\Users\dkter\Desktop\Jac-n-Dak-LocalLab\Jac-n-Dak-LocalLab\Sudoku-Final.X\Write_Cells.asm
                     U_PM   0x000a32    program     static C:\Users\dkter\Desktop\Jac-n-Dak-LocalLab\Jac-n-Dak-LocalLab\Sudoku-Final.X\Write_Message.asm
                     W_PM   0x000a10    program     static C:\Users\dkter\Desktop\Jac-n-Dak-LocalLab\Jac-n-Dak-LocalLab\Sudoku-Final.X\Write_Message.asm
              Write_Block   0x000c10    program     extern C:\Users\dkter\Desktop\Jac-n-Dak-LocalLab\Jac-n-Dak-LocalLab\Sudoku-Final.X\GLCD.asm
            Write_Block_2   0x000c24    program     extern C:\Users\dkter\Desktop\Jac-n-Dak-LocalLab\Jac-n-Dak-LocalLab\Sudoku-Final.X\GLCD.asm
               Write_Cell   0x00012e    program     extern C:\Users\dkter\Desktop\Jac-n-Dak-LocalLab\Jac-n-Dak-LocalLab\Sudoku-Final.X\Write_Cells.asm
        Write_Cells_Setup   0x000006    program     extern C:\Users\dkter\Desktop\Jac-n-Dak-LocalLab\Jac-n-Dak-LocalLab\Sudoku-Final.X\Write_Cells.asm
             Write_Cursor   0x0000fc    program     extern C:\Users\dkter\Desktop\Jac-n-Dak-LocalLab\Jac-n-Dak-LocalLab\Sudoku-Final.X\Write_Cells.asm
         X_LMask_Table_PM   0x000964    program     static C:\Users\dkter\Desktop\Jac-n-Dak-LocalLab\Jac-n-Dak-LocalLab\Sudoku-Final.X\Write_Cells.asm
               X_Table_PM   0x00091c    program     static C:\Users\dkter\Desktop\Jac-n-Dak-LocalLab\Jac-n-Dak-LocalLab\Sudoku-Final.X\Write_Cells.asm
         X_UMask_Table_PM   0x000952    program     static C:\Users\dkter\Desktop\Jac-n-Dak-LocalLab\Jac-n-Dak-LocalLab\Sudoku-Final.X\Write_Cells.asm
                    Xrdlp   0x00003a    program     static C:\Users\dkter\Desktop\Jac-n-Dak-LocalLab\Jac-n-Dak-LocalLab\Sudoku-Final.X\Write_Cells.asm
               Y_Table_PM   0x00090a    program     static C:\Users\dkter\Desktop\Jac-n-Dak-LocalLab\Jac-n-Dak-LocalLab\Sudoku-Final.X\Write_Cells.asm
                    Yrdlp   0x00001a    program     static C:\Users\dkter\Desktop\Jac-n-Dak-LocalLab\Jac-n-Dak-LocalLab\Sudoku-Final.X\Write_Cells.asm
               _main_0080   0x000636    program     static C:\Users\dkter\Desktop\Jac-n-Dak-LocalLab\Jac-n-Dak-LocalLab\Sudoku-Final.X\Main.asm
                   and_PM   0x000a5a    program     static C:\Users\dkter\Desktop\Jac-n-Dak-LocalLab\Jac-n-Dak-LocalLab\Sudoku-Final.X\Write_Message.asm
                arrow_con   0x00066c    program     static C:\Users\dkter\Desktop\Jac-n-Dak-LocalLab\Jac-n-Dak-LocalLab\Sudoku-Final.X\Sudoku_Logic.asm
                     bilp   0x000dee    program     static C:\Users\dkter\Desktop\Jac-n-Dak-LocalLab\Jac-n-Dak-LocalLab\Sudoku-Final.X\Draw_Grid.asm
                      blp   0x000de4    program     static C:\Users\dkter\Desktop\Jac-n-Dak-LocalLab\Jac-n-Dak-LocalLab\Sudoku-Final.X\Draw_Grid.asm
                    brtlp   0x000196    program     static C:\Users\dkter\Desktop\Jac-n-Dak-LocalLab\Jac-n-Dak-LocalLab\Sudoku-Final.X\Write_Cells.asm
                    bsslp   0x00019e    program     static C:\Users\dkter\Desktop\Jac-n-Dak-LocalLab\Jac-n-Dak-LocalLab\Sudoku-Final.X\Write_Cells.asm
                   cclrlp   0x000bf8    program     static C:\Users\dkter\Desktop\Jac-n-Dak-LocalLab\Jac-n-Dak-LocalLab\Sudoku-Final.X\GLCD.asm
                 cheeselp   0x000756    program     static C:\Users\dkter\Desktop\Jac-n-Dak-LocalLab\Jac-n-Dak-LocalLab\Sudoku-Final.X\Sudoku_Setup.asm
                     cmlp   0x0001f4    program     static C:\Users\dkter\Desktop\Jac-n-Dak-LocalLab\Jac-n-Dak-LocalLab\Sudoku-Final.X\Write_Cells.asm
                 continue   0x00060c    program     static C:\Users\dkter\Desktop\Jac-n-Dak-LocalLab\Jac-n-Dak-LocalLab\Sudoku-Final.X\Main.asm
       correct_board_exit   0x000632    program     static C:\Users\dkter\Desktop\Jac-n-Dak-LocalLab\Jac-n-Dak-LocalLab\Sudoku-Final.X\Main.asm
                 curs_fix   0x0006c6    program     static C:\Users\dkter\Desktop\Jac-n-Dak-LocalLab\Jac-n-Dak-LocalLab\Sudoku-Final.X\Sudoku_Logic.asm
          desired_outputs   0x000e20    program     static C:\Users\dkter\Desktop\Jac-n-Dak-LocalLab\Jac-n-Dak-LocalLab\Sudoku-Final.X\KeyPad.asm
                    dllp1   0x00063e    program     static C:\Users\dkter\Desktop\Jac-n-Dak-LocalLab\Jac-n-Dak-LocalLab\Sudoku-Final.X\Main.asm
                    dllp1   0x000522    program     static C:\Users\dkter\Desktop\Jac-n-Dak-LocalLab\Jac-n-Dak-LocalLab\Sudoku-Final.X\KeyPad.asm
                    dllp1   0x000d46    program     static C:\Users\dkter\Desktop\Jac-n-Dak-LocalLab\Jac-n-Dak-LocalLab\Sudoku-Final.X\GLCD.asm
                    dllp2   0x000642    program     static C:\Users\dkter\Desktop\Jac-n-Dak-LocalLab\Jac-n-Dak-LocalLab\Sudoku-Final.X\Main.asm
              draw_bottom   0x000186    program     static C:\Users\dkter\Desktop\Jac-n-Dak-LocalLab\Jac-n-Dak-LocalLab\Sudoku-Final.X\Write_Cells.asm
               end_return   0x00067e    program     static C:\Users\dkter\Desktop\Jac-n-Dak-LocalLab\Jac-n-Dak-LocalLab\Sudoku-Final.X\Sudoku_Logic.asm
               fillout_lp   0x00073a    program     static C:\Users\dkter\Desktop\Jac-n-Dak-LocalLab\Jac-n-Dak-LocalLab\Sudoku-Final.X\Sudoku_Setup.asm
                     fplp   0x000902    program     static C:\Users\dkter\Desktop\Jac-n-Dak-LocalLab\Jac-n-Dak-LocalLab\Sudoku-Final.X\Sudoku_Setup.asm
            game_loop_end   0x000614    program     static C:\Users\dkter\Desktop\Jac-n-Dak-LocalLab\Jac-n-Dak-LocalLab\Sudoku-Final.X\Main.asm
          game_loop_start   0x0005da    program     static C:\Users\dkter\Desktop\Jac-n-Dak-LocalLab\Jac-n-Dak-LocalLab\Sudoku-Final.X\Main.asm
                  go_down   0x000696    program     static C:\Users\dkter\Desktop\Jac-n-Dak-LocalLab\Jac-n-Dak-LocalLab\Sudoku-Final.X\Sudoku_Logic.asm
              go_down_con   0x00069e    program     static C:\Users\dkter\Desktop\Jac-n-Dak-LocalLab\Jac-n-Dak-LocalLab\Sudoku-Final.X\Sudoku_Logic.asm
                  go_left   0x0006b6    program     static C:\Users\dkter\Desktop\Jac-n-Dak-LocalLab\Jac-n-Dak-LocalLab\Sudoku-Final.X\Sudoku_Logic.asm
              go_left_con   0x0006be    program     static C:\Users\dkter\Desktop\Jac-n-Dak-LocalLab\Jac-n-Dak-LocalLab\Sudoku-Final.X\Sudoku_Logic.asm
                 go_right   0x0006a6    program     static C:\Users\dkter\Desktop\Jac-n-Dak-LocalLab\Jac-n-Dak-LocalLab\Sudoku-Final.X\Sudoku_Logic.asm
             go_right_con   0x0006ae    program     static C:\Users\dkter\Desktop\Jac-n-Dak-LocalLab\Jac-n-Dak-LocalLab\Sudoku-Final.X\Sudoku_Logic.asm
                    go_up   0x000686    program     static C:\Users\dkter\Desktop\Jac-n-Dak-LocalLab\Jac-n-Dak-LocalLab\Sudoku-Final.X\Sudoku_Logic.asm
                go_up_con   0x00068e    program     static C:\Users\dkter\Desktop\Jac-n-Dak-LocalLab\Jac-n-Dak-LocalLab\Sudoku-Final.X\Sudoku_Logic.asm
                     idlp   0x0001c2    program     static C:\Users\dkter\Desktop\Jac-n-Dak-LocalLab\Jac-n-Dak-LocalLab\Sudoku-Final.X\Write_Cells.asm
                  invalid   0x000720    program     static C:\Users\dkter\Desktop\Jac-n-Dak-LocalLab\Jac-n-Dak-LocalLab\Sudoku-Final.X\Board_Validation.asm
                  iterate   0x00077a    program     static C:\Users\dkter\Desktop\Jac-n-Dak-LocalLab\Jac-n-Dak-LocalLab\Sudoku-Final.X\Sudoku_Setup.asm
             keypad_codes   0x000e10    program     static C:\Users\dkter\Desktop\Jac-n-Dak-LocalLab\Jac-n-Dak-LocalLab\Sudoku-Final.X\KeyPad.asm
            left_brace_PM   0x000a6c    program     static C:\Users\dkter\Desktop\Jac-n-Dak-LocalLab\Jac-n-Dak-LocalLab\Sudoku-Final.X\Write_Message.asm
                  libloop   0x0005a2    program     static C:\Users\dkter\Desktop\Jac-n-Dak-LocalLab\Jac-n-Dak-LocalLab\Sudoku-Final.X\KeyPad.asm
                     lllp   0x00035c    program     static C:\Users\dkter\Desktop\Jac-n-Dak-LocalLab\Jac-n-Dak-LocalLab\Sudoku-Final.X\Write_Message.asm
              load_letter   0x00035a    program     static C:\Users\dkter\Desktop\Jac-n-Dak-LocalLab\Jac-n-Dak-LocalLab\Sudoku-Final.X\Write_Message.asm
              logic_setup   0x00064c    program     extern C:\Users\dkter\Desktop\Jac-n-Dak-LocalLab\Jac-n-Dak-LocalLab\Sudoku-Final.X\Sudoku_Logic.asm
                    loop1   0x0006f8    program     static C:\Users\dkter\Desktop\Jac-n-Dak-LocalLab\Jac-n-Dak-LocalLab\Sudoku-Final.X\Board_Validation.asm
                    loop2   0x00070e    program     static C:\Users\dkter\Desktop\Jac-n-Dak-LocalLab\Jac-n-Dak-LocalLab\Sudoku-Final.X\Board_Validation.asm
          nine_byte_read0   0x0008b0    program     static C:\Users\dkter\Desktop\Jac-n-Dak-LocalLab\Jac-n-Dak-LocalLab\Sudoku-Final.X\Sudoku_Setup.asm
          nine_byte_read1   0x0008c2    program     static C:\Users\dkter\Desktop\Jac-n-Dak-LocalLab\Jac-n-Dak-LocalLab\Sudoku-Final.X\Sudoku_Setup.asm
                no1h_row0   0x000b1e    program     static C:\Users\dkter\Desktop\Jac-n-Dak-LocalLab\Jac-n-Dak-LocalLab\Sudoku-Final.X\Sudoku_Setup.asm
                no1h_row1   0x000b30    program     static C:\Users\dkter\Desktop\Jac-n-Dak-LocalLab\Jac-n-Dak-LocalLab\Sudoku-Final.X\Sudoku_Setup.asm
                no1h_row2   0x000b42    program     static C:\Users\dkter\Desktop\Jac-n-Dak-LocalLab\Jac-n-Dak-LocalLab\Sudoku-Final.X\Sudoku_Setup.asm
                no1h_row3   0x000b54    program     static C:\Users\dkter\Desktop\Jac-n-Dak-LocalLab\Jac-n-Dak-LocalLab\Sudoku-Final.X\Sudoku_Setup.asm
                no1h_row4   0x000b66    program     static C:\Users\dkter\Desktop\Jac-n-Dak-LocalLab\Jac-n-Dak-LocalLab\Sudoku-Final.X\Sudoku_Setup.asm
                no1h_row5   0x000b78    program     static C:\Users\dkter\Desktop\Jac-n-Dak-LocalLab\Jac-n-Dak-LocalLab\Sudoku-Final.X\Sudoku_Setup.asm
                no1h_row6   0x000b8a    program     static C:\Users\dkter\Desktop\Jac-n-Dak-LocalLab\Jac-n-Dak-LocalLab\Sudoku-Final.X\Sudoku_Setup.asm
                no1h_row7   0x000b9c    program     static C:\Users\dkter\Desktop\Jac-n-Dak-LocalLab\Jac-n-Dak-LocalLab\Sudoku-Final.X\Sudoku_Setup.asm
                no1h_row8   0x000bae    program     static C:\Users\dkter\Desktop\Jac-n-Dak-LocalLab\Jac-n-Dak-LocalLab\Sudoku-Final.X\Sudoku_Setup.asm
                no1s_row0   0x000a7c    program     static C:\Users\dkter\Desktop\Jac-n-Dak-LocalLab\Jac-n-Dak-LocalLab\Sudoku-Final.X\Sudoku_Setup.asm
                no1s_row1   0x000a8e    program     static C:\Users\dkter\Desktop\Jac-n-Dak-LocalLab\Jac-n-Dak-LocalLab\Sudoku-Final.X\Sudoku_Setup.asm
                no1s_row2   0x000aa0    program     static C:\Users\dkter\Desktop\Jac-n-Dak-LocalLab\Jac-n-Dak-LocalLab\Sudoku-Final.X\Sudoku_Setup.asm
                no1s_row3   0x000ab2    program     static C:\Users\dkter\Desktop\Jac-n-Dak-LocalLab\Jac-n-Dak-LocalLab\Sudoku-Final.X\Sudoku_Setup.asm
                no1s_row4   0x000ac4    program     static C:\Users\dkter\Desktop\Jac-n-Dak-LocalLab\Jac-n-Dak-LocalLab\Sudoku-Final.X\Sudoku_Setup.asm
                no1s_row5   0x000ad6    program     static C:\Users\dkter\Desktop\Jac-n-Dak-LocalLab\Jac-n-Dak-LocalLab\Sudoku-Final.X\Sudoku_Setup.asm
                no1s_row6   0x000ae8    program     static C:\Users\dkter\Desktop\Jac-n-Dak-LocalLab\Jac-n-Dak-LocalLab\Sudoku-Final.X\Sudoku_Setup.asm
                no1s_row7   0x000afa    program     static C:\Users\dkter\Desktop\Jac-n-Dak-LocalLab\Jac-n-Dak-LocalLab\Sudoku-Final.X\Sudoku_Setup.asm
                no1s_row8   0x000b0c    program     static C:\Users\dkter\Desktop\Jac-n-Dak-LocalLab\Jac-n-Dak-LocalLab\Sudoku-Final.X\Sudoku_Setup.asm
                no_action   0x0005b4    program     static C:\Users\dkter\Desktop\Jac-n-Dak-LocalLab\Jac-n-Dak-LocalLab\Sudoku-Final.X\KeyPad.asm
                    not_N   0x000622    program     static C:\Users\dkter\Desktop\Jac-n-Dak-LocalLab\Jac-n-Dak-LocalLab\Sudoku-Final.X\Main.asm
                 not_full   0x00071c    program     static C:\Users\dkter\Desktop\Jac-n-Dak-LocalLab\Jac-n-Dak-LocalLab\Sudoku-Final.X\Board_Validation.asm
            pass_cheeselp   0x000760    program     static C:\Users\dkter\Desktop\Jac-n-Dak-LocalLab\Jac-n-Dak-LocalLab\Sudoku-Final.X\Sudoku_Setup.asm
             pass_compare   0x0005ae    program     static C:\Users\dkter\Desktop\Jac-n-Dak-LocalLab\Jac-n-Dak-LocalLab\Sudoku-Final.X\KeyPad.asm
               pass_empty   0x0006fe    program     static C:\Users\dkter\Desktop\Jac-n-Dak-LocalLab\Jac-n-Dak-LocalLab\Sudoku-Final.X\Board_Validation.asm
             pass_nothing   0x00058e    program     static C:\Users\dkter\Desktop\Jac-n-Dak-LocalLab\Jac-n-Dak-LocalLab\Sudoku-Final.X\KeyPad.asm
              pass_repeat   0x000596    program     static C:\Users\dkter\Desktop\Jac-n-Dak-LocalLab\Jac-n-Dak-LocalLab\Sudoku-Final.X\KeyPad.asm
                     pllp   0x0008e2    program     static C:\Users\dkter\Desktop\Jac-n-Dak-LocalLab\Jac-n-Dak-LocalLab\Sudoku-Final.X\Sudoku_Setup.asm
                     rblp   0x000c3e    program     static C:\Users\dkter\Desktop\Jac-n-Dak-LocalLab\Jac-n-Dak-LocalLab\Sudoku-Final.X\GLCD.asm
                   rclrlp   0x000bee    program     static C:\Users\dkter\Desktop\Jac-n-Dak-LocalLab\Jac-n-Dak-LocalLab\Sudoku-Final.X\GLCD.asm
                    rd0lp   0x0008b4    program     static C:\Users\dkter\Desktop\Jac-n-Dak-LocalLab\Jac-n-Dak-LocalLab\Sudoku-Final.X\Sudoku_Setup.asm
                    rd1lp   0x0008c6    program     static C:\Users\dkter\Desktop\Jac-n-Dak-LocalLab\Jac-n-Dak-LocalLab\Sudoku-Final.X\Sudoku_Setup.asm
                    rdlp1   0x000546    program     static C:\Users\dkter\Desktop\Jac-n-Dak-LocalLab\Jac-n-Dak-LocalLab\Sudoku-Final.X\KeyPad.asm
                    rdlp2   0x000560    program     static C:\Users\dkter\Desktop\Jac-n-Dak-LocalLab\Jac-n-Dak-LocalLab\Sudoku-Final.X\KeyPad.asm
           received_input   0x0005ec    program     static C:\Users\dkter\Desktop\Jac-n-Dak-LocalLab\Jac-n-Dak-LocalLab\Sudoku-Final.X\Main.asm
           right_brace_PM   0x000a74    program     static C:\Users\dkter\Desktop\Jac-n-Dak-LocalLab\Jac-n-Dak-LocalLab\Sudoku-Final.X\Write_Message.asm
                     rplp   0x000cbe    program     static C:\Users\dkter\Desktop\Jac-n-Dak-LocalLab\Jac-n-Dak-LocalLab\Sudoku-Final.X\GLCD.asm
                    setup   0x0005b6    program     static C:\Users\dkter\Desktop\Jac-n-Dak-LocalLab\Jac-n-Dak-LocalLab\Sudoku-Final.X\Main.asm
                     sllp   0x0008f2    program     static C:\Users\dkter\Desktop\Jac-n-Dak-LocalLab\Jac-n-Dak-LocalLab\Sudoku-Final.X\Sudoku_Setup.asm
                    start   0x0005da    program     static C:\Users\dkter\Desktop\Jac-n-Dak-LocalLab\Jac-n-Dak-LocalLab\Sudoku-Final.X\Main.asm
                    trtlp   0x00015a    program     static C:\Users\dkter\Desktop\Jac-n-Dak-LocalLab\Jac-n-Dak-LocalLab\Sudoku-Final.X\Write_Cells.asm
                    tsslp   0x000162    program     static C:\Users\dkter\Desktop\Jac-n-Dak-LocalLab\Jac-n-Dak-LocalLab\Sudoku-Final.X\Write_Cells.asm
                     twtp   0x000cac    program     static C:\Users\dkter\Desktop\Jac-n-Dak-LocalLab\Jac-n-Dak-LocalLab\Sudoku-Final.X\GLCD.asm
                     ullp   0x000274    program     static C:\Users\dkter\Desktop\Jac-n-Dak-LocalLab\Jac-n-Dak-LocalLab\Sudoku-Final.X\Write_Message.asm
              update_game   0x000664    program     extern C:\Users\dkter\Desktop\Jac-n-Dak-LocalLab\Jac-n-Dak-LocalLab\Sudoku-Final.X\Sudoku_Logic.asm
                 validate   0x0006f0    program     extern C:\Users\dkter\Desktop\Jac-n-Dak-LocalLab\Jac-n-Dak-LocalLab\Sudoku-Final.X\Board_Validation.asm
               validation   0x0005f4    program     static C:\Users\dkter\Desktop\Jac-n-Dak-LocalLab\Jac-n-Dak-LocalLab\Sudoku-Final.X\Main.asm
                w_padding   0x00034e    program     static C:\Users\dkter\Desktop\Jac-n-Dak-LocalLab\Jac-n-Dak-LocalLab\Sudoku-Final.X\Write_Message.asm
                     wblp   0x000c16    program     static C:\Users\dkter\Desktop\Jac-n-Dak-LocalLab\Jac-n-Dak-LocalLab\Sudoku-Final.X\GLCD.asm
                     wplp   0x000350    program     static C:\Users\dkter\Desktop\Jac-n-Dak-LocalLab\Jac-n-Dak-LocalLab\Sudoku-Final.X\Write_Message.asm
                  write_a   0x0004be    program     static C:\Users\dkter\Desktop\Jac-n-Dak-LocalLab\Jac-n-Dak-LocalLab\Sudoku-Final.X\Write_Message.asm
                write_and   0x000506    program     static C:\Users\dkter\Desktop\Jac-n-Dak-LocalLab\Jac-n-Dak-LocalLab\Sudoku-Final.X\Write_Message.asm
                  write_c   0x00036a    program     static C:\Users\dkter\Desktop\Jac-n-Dak-LocalLab\Jac-n-Dak-LocalLab\Sudoku-Final.X\Write_Message.asm
            write_correct   0x0002c6    program     extern C:\Users\dkter\Desktop\Jac-n-Dak-LocalLab\Jac-n-Dak-LocalLab\Sudoku-Final.X\Write_Message.asm
             write_credit   0x00028c    program     extern C:\Users\dkter\Desktop\Jac-n-Dak-LocalLab\Jac-n-Dak-LocalLab\Sudoku-Final.X\Write_Message.asm
                  write_d   0x000476    program     static C:\Users\dkter\Desktop\Jac-n-Dak-LocalLab\Jac-n-Dak-LocalLab\Sudoku-Final.X\Write_Message.asm
                  write_e   0x0003b2    program     static C:\Users\dkter\Desktop\Jac-n-Dak-LocalLab\Jac-n-Dak-LocalLab\Sudoku-Final.X\Write_Message.asm
             write_e_mark   0x0003e2    program     static C:\Users\dkter\Desktop\Jac-n-Dak-LocalLab\Jac-n-Dak-LocalLab\Sudoku-Final.X\Write_Message.asm
                  write_g   0x00042e    program     static C:\Users\dkter\Desktop\Jac-n-Dak-LocalLab\Jac-n-Dak-LocalLab\Sudoku-Final.X\Write_Message.asm
               write_hint   0x000766    program     static C:\Users\dkter\Desktop\Jac-n-Dak-LocalLab\Jac-n-Dak-LocalLab\Sudoku-Final.X\Sudoku_Setup.asm
                  write_j   0x0004a6    program     static C:\Users\dkter\Desktop\Jac-n-Dak-LocalLab\Jac-n-Dak-LocalLab\Sudoku-Final.X\Write_Message.asm
                  write_k   0x00048e    program     static C:\Users\dkter\Desktop\Jac-n-Dak-LocalLab\Jac-n-Dak-LocalLab\Sudoku-Final.X\Write_Message.asm
         write_left_brace   0x0004d6    program     static C:\Users\dkter\Desktop\Jac-n-Dak-LocalLab\Jac-n-Dak-LocalLab\Sudoku-Final.X\Write_Message.asm
                  write_n   0x000416    program     static C:\Users\dkter\Desktop\Jac-n-Dak-LocalLab\Jac-n-Dak-LocalLab\Sudoku-Final.X\Write_Message.asm
            write_no_hint   0x000772    program     static C:\Users\dkter\Desktop\Jac-n-Dak-LocalLab\Jac-n-Dak-LocalLab\Sudoku-Final.X\Sudoku_Setup.asm
                  write_o   0x000382    program     static C:\Users\dkter\Desktop\Jac-n-Dak-LocalLab\Jac-n-Dak-LocalLab\Sudoku-Final.X\Write_Message.asm
                  write_r   0x00039a    program     static C:\Users\dkter\Desktop\Jac-n-Dak-LocalLab\Jac-n-Dak-LocalLab\Sudoku-Final.X\Write_Message.asm
        write_right_brace   0x0004ee    program     static C:\Users\dkter\Desktop\Jac-n-Dak-LocalLab\Jac-n-Dak-LocalLab\Sudoku-Final.X\Write_Message.asm
                  write_s   0x000446    program     static C:\Users\dkter\Desktop\Jac-n-Dak-LocalLab\Jac-n-Dak-LocalLab\Sudoku-Final.X\Write_Message.asm
                  write_t   0x0003ca    program     static C:\Users\dkter\Desktop\Jac-n-Dak-LocalLab\Jac-n-Dak-LocalLab\Sudoku-Final.X\Write_Message.asm
              write_title   0x000212    program     extern C:\Users\dkter\Desktop\Jac-n-Dak-LocalLab\Jac-n-Dak-LocalLab\Sudoku-Final.X\Write_Message.asm
                  write_u   0x00045e    program     static C:\Users\dkter\Desktop\Jac-n-Dak-LocalLab\Jac-n-Dak-LocalLab\Sudoku-Final.X\Write_Message.asm
                  write_w   0x0003fe    program     static C:\Users\dkter\Desktop\Jac-n-Dak-LocalLab\Jac-n-Dak-LocalLab\Sudoku-Final.X\Write_Message.asm
              write_wrong   0x00030e    program     extern C:\Users\dkter\Desktop\Jac-n-Dak-LocalLab\Jac-n-Dak-LocalLab\Sudoku-Final.X\Write_Message.asm
          wrt_solid_block   0x000124    program     static C:\Users\dkter\Desktop\Jac-n-Dak-LocalLab\Jac-n-Dak-LocalLab\Sudoku-Final.X\Write_Cells.asm
             wrt_true_val   0x00010e    program     static C:\Users\dkter\Desktop\Jac-n-Dak-LocalLab\Jac-n-Dak-LocalLab\Sudoku-Final.X\Write_Cells.asm
                     DOWN   0x000028       data     static C:\Users\dkter\Desktop\Jac-n-Dak-LocalLab\Jac-n-Dak-LocalLab\Sudoku-Final.X\Sudoku_Logic.asm
                    FIXED   0x00002b       data     static C:\Users\dkter\Desktop\Jac-n-Dak-LocalLab\Jac-n-Dak-LocalLab\Sudoku-Final.X\Sudoku_Logic.asm
                     LEFT   0x00002a       data     static C:\Users\dkter\Desktop\Jac-n-Dak-LocalLab\Jac-n-Dak-LocalLab\Sudoku-Final.X\Sudoku_Logic.asm
                 PadCodes   0x000600       data     static C:\Users\dkter\Desktop\Jac-n-Dak-LocalLab\Jac-n-Dak-LocalLab\Sudoku-Final.X\KeyPad.asm
                    RIGHT   0x000029       data     static C:\Users\dkter\Desktop\Jac-n-Dak-LocalLab\Jac-n-Dak-LocalLab\Sudoku-Final.X\Sudoku_Logic.asm
          Reading_Counter   0x00000b       data     static C:\Users\dkter\Desktop\Jac-n-Dak-LocalLab\Jac-n-Dak-LocalLab\Sudoku-Final.X\Write_Cells.asm
             Shapes_Table   0x000500       data     static C:\Users\dkter\Desktop\Jac-n-Dak-LocalLab\Jac-n-Dak-LocalLab\Sudoku-Final.X\Write_Cells.asm
                   Temprd   0x00002e       data     static C:\Users\dkter\Desktop\Jac-n-Dak-LocalLab\Jac-n-Dak-LocalLab\Sudoku-Final.X\KeyPad.asm
                       UP   0x000027       data     static C:\Users\dkter\Desktop\Jac-n-Dak-LocalLab\Jac-n-Dak-LocalLab\Sudoku-Final.X\Sudoku_Logic.asm
                     W_in   0x000026       data     static C:\Users\dkter\Desktop\Jac-n-Dak-LocalLab\Jac-n-Dak-LocalLab\Sudoku-Final.X\Sudoku_Logic.asm
            X_LMask_Table   0x000439       data     static C:\Users\dkter\Desktop\Jac-n-Dak-LocalLab\Jac-n-Dak-LocalLab\Sudoku-Final.X\Write_Cells.asm
                  X_Table   0x000409       data     static C:\Users\dkter\Desktop\Jac-n-Dak-LocalLab\Jac-n-Dak-LocalLab\Sudoku-Final.X\Write_Cells.asm
            X_UMask_Table   0x000430       data     static C:\Users\dkter\Desktop\Jac-n-Dak-LocalLab\Jac-n-Dak-LocalLab\Sudoku-Final.X\Write_Cells.asm
                  Y_Table   0x000400       data     static C:\Users\dkter\Desktop\Jac-n-Dak-LocalLab\Jac-n-Dak-LocalLab\Sudoku-Final.X\Write_Cells.asm
              block_count   0x000022       data     static C:\Users\dkter\Desktop\Jac-n-Dak-LocalLab\Jac-n-Dak-LocalLab\Sudoku-Final.X\Draw_Grid.asm
              block_count   0x000005       data     static C:\Users\dkter\Desktop\Jac-n-Dak-LocalLab\Jac-n-Dak-LocalLab\Sudoku-Final.X\GLCD.asm
                  counter   0x00002c       data     static C:\Users\dkter\Desktop\Jac-n-Dak-LocalLab\Jac-n-Dak-LocalLab\Sudoku-Final.X\Board_Validation.asm
                  counter   0x000031       data     static C:\Users\dkter\Desktop\Jac-n-Dak-LocalLab\Jac-n-Dak-LocalLab\Sudoku-Final.X\Write_Message.asm
                  counter   0x00001a       data     static C:\Users\dkter\Desktop\Jac-n-Dak-LocalLab\Jac-n-Dak-LocalLab\Sudoku-Final.X\Write_Cells.asm
                  counter   0x000032       data     static C:\Users\dkter\Desktop\Jac-n-Dak-LocalLab\Jac-n-Dak-LocalLab\Sudoku-Final.X\Sudoku_Setup.asm
                  counter   0x00002d       data     static C:\Users\dkter\Desktop\Jac-n-Dak-LocalLab\Jac-n-Dak-LocalLab\Sudoku-Final.X\KeyPad.asm
              current_row   0x00001f       data     static C:\Users\dkter\Desktop\Jac-n-Dak-LocalLab\Jac-n-Dak-LocalLab\Sudoku-Final.X\Draw_Grid.asm
                 cursor_x   0x000024       data     extern C:\Users\dkter\Desktop\Jac-n-Dak-LocalLab\Jac-n-Dak-LocalLab\Sudoku-Final.X\Sudoku_Logic.asm
                 cursor_y   0x000025       data     extern C:\Users\dkter\Desktop\Jac-n-Dak-LocalLab\Jac-n-Dak-LocalLab\Sudoku-Final.X\Sudoku_Logic.asm
              delay_count   0x00002f       data     static C:\Users\dkter\Desktop\Jac-n-Dak-LocalLab\Jac-n-Dak-LocalLab\Sudoku-Final.X\KeyPad.asm
              delay_count   0x000000       data     static C:\Users\dkter\Desktop\Jac-n-Dak-LocalLab\Jac-n-Dak-LocalLab\Sudoku-Final.X\GLCD.asm
             delay_count1   0x000001       data     static C:\Users\dkter\Desktop\Jac-n-Dak-LocalLab\Jac-n-Dak-LocalLab\Sudoku-Final.X\GLCD.asm
             delay_count1   0x00001d       data     static C:\Users\dkter\Desktop\Jac-n-Dak-LocalLab\Jac-n-Dak-LocalLab\Sudoku-Final.X\Main.asm
             delay_count2   0x000002       data     static C:\Users\dkter\Desktop\Jac-n-Dak-LocalLab\Jac-n-Dak-LocalLab\Sudoku-Final.X\GLCD.asm
             delay_count2   0x00001e       data     static C:\Users\dkter\Desktop\Jac-n-Dak-LocalLab\Jac-n-Dak-LocalLab\Sudoku-Final.X\Main.asm
        game_loop_counter   0x00001b       data     static C:\Users\dkter\Desktop\Jac-n-Dak-LocalLab\Jac-n-Dak-LocalLab\Sudoku-Final.X\Main.asm
         horz_lin_pattern   0x000021       data     static C:\Users\dkter\Desktop\Jac-n-Dak-LocalLab\Jac-n-Dak-LocalLab\Sudoku-Final.X\Draw_Grid.asm
     internal_block_count   0x000023       data     static C:\Users\dkter\Desktop\Jac-n-Dak-LocalLab\Jac-n-Dak-LocalLab\Sudoku-Final.X\Draw_Grid.asm
                     mask   0x00000e       data     static C:\Users\dkter\Desktop\Jac-n-Dak-LocalLab\Jac-n-Dak-LocalLab\Sudoku-Final.X\Write_Cells.asm
              number_name   0x000007       data     extern C:\Users\dkter\Desktop\Jac-n-Dak-LocalLab\Jac-n-Dak-LocalLab\Sudoku-Final.X\Write_Cells.asm
           previous_input   0x000030       data     static C:\Users\dkter\Desktop\Jac-n-Dak-LocalLab\Jac-n-Dak-LocalLab\Sudoku-Final.X\KeyPad.asm
                read_data   0x000010       data     static C:\Users\dkter\Desktop\Jac-n-Dak-LocalLab\Jac-n-Dak-LocalLab\Sudoku-Final.X\Write_Cells.asm
           rotate_counter   0x00000f       data     static C:\Users\dkter\Desktop\Jac-n-Dak-LocalLab\Jac-n-Dak-LocalLab\Sudoku-Final.X\Write_Cells.asm
              row_message   0x000300       data     static C:\Users\dkter\Desktop\Jac-n-Dak-LocalLab\Jac-n-Dak-LocalLab\Sudoku-Final.X\Write_Message.asm
              shift_count   0x000006       data     static C:\Users\dkter\Desktop\Jac-n-Dak-LocalLab\Jac-n-Dak-LocalLab\Sudoku-Final.X\GLCD.asm
            shifted_shape   0x000015       data     static C:\Users\dkter\Desktop\Jac-n-Dak-LocalLab\Jac-n-Dak-LocalLab\Sudoku-Final.X\Write_Cells.asm
         sudoku_brdfixedp   0x000751       data     extern C:\Users\dkter\Desktop\Jac-n-Dak-LocalLab\Jac-n-Dak-LocalLab\Sudoku-Final.X\Sudoku_Logic.asm
         sudoku_brdplayer   0x000700       data     extern C:\Users\dkter\Desktop\Jac-n-Dak-LocalLab\Jac-n-Dak-LocalLab\Sudoku-Final.X\Sudoku_Logic.asm
       sudoku_brdsolution   0x000800       data     extern C:\Users\dkter\Desktop\Jac-n-Dak-LocalLab\Jac-n-Dak-LocalLab\Sudoku-Final.X\Sudoku_Logic.asm
                 sudoku_x   0x000008       data     extern C:\Users\dkter\Desktop\Jac-n-Dak-LocalLab\Jac-n-Dak-LocalLab\Sudoku-Final.X\Write_Cells.asm
                 sudoku_y   0x000009       data     extern C:\Users\dkter\Desktop\Jac-n-Dak-LocalLab\Jac-n-Dak-LocalLab\Sudoku-Final.X\Write_Cells.asm
           test_col_count   0x000003       data     static C:\Users\dkter\Desktop\Jac-n-Dak-LocalLab\Jac-n-Dak-LocalLab\Sudoku-Final.X\GLCD.asm
           test_row_count   0x000004       data     static C:\Users\dkter\Desktop\Jac-n-Dak-LocalLab\Jac-n-Dak-LocalLab\Sudoku-Final.X\GLCD.asm
                    tlp_x   0x00000c       data     static C:\Users\dkter\Desktop\Jac-n-Dak-LocalLab\Jac-n-Dak-LocalLab\Sudoku-Final.X\Write_Cells.asm
                    tlp_y   0x00000d       data     static C:\Users\dkter\Desktop\Jac-n-Dak-LocalLab\Jac-n-Dak-LocalLab\Sudoku-Final.X\Write_Cells.asm
         vert_lin_pattern   0x000020       data     static C:\Users\dkter\Desktop\Jac-n-Dak-LocalLab\Jac-n-Dak-LocalLab\Sudoku-Final.X\Draw_Grid.asm
                  w_input   0x00000a       data     static C:\Users\dkter\Desktop\Jac-n-Dak-LocalLab\Jac-n-Dak-LocalLab\Sudoku-Final.X\Write_Cells.asm
                  w_store   0x00001c       data     static C:\Users\dkter\Desktop\Jac-n-Dak-LocalLab\Jac-n-Dak-LocalLab\Sudoku-Final.X\Main.asm



                              Symbols - Sorted by Address
                     Name    Address   Location    Storage File                     
                ---------  ---------  ---------  --------- ---------                
        Write_Cells_Setup   0x000006    program     extern C:\Users\dkter\Desktop\Jac-n-Dak-LocalLab\Jac-n-Dak-LocalLab\Sudoku-Final.X\Write_Cells.asm
                    Yrdlp   0x00001a    program     static C:\Users\dkter\Desktop\Jac-n-Dak-LocalLab\Jac-n-Dak-LocalLab\Sudoku-Final.X\Write_Cells.asm
                    Xrdlp   0x00003a    program     static C:\Users\dkter\Desktop\Jac-n-Dak-LocalLab\Jac-n-Dak-LocalLab\Sudoku-Final.X\Write_Cells.asm
                   UMrdlp   0x00005a    program     static C:\Users\dkter\Desktop\Jac-n-Dak-LocalLab\Jac-n-Dak-LocalLab\Sudoku-Final.X\Write_Cells.asm
                   LMrdlp   0x00007a    program     static C:\Users\dkter\Desktop\Jac-n-Dak-LocalLab\Jac-n-Dak-LocalLab\Sudoku-Final.X\Write_Cells.asm
                   S1rdlp   0x00009a    program     static C:\Users\dkter\Desktop\Jac-n-Dak-LocalLab\Jac-n-Dak-LocalLab\Sudoku-Final.X\Write_Cells.asm
                   S2rdlp   0x0000b6    program     static C:\Users\dkter\Desktop\Jac-n-Dak-LocalLab\Jac-n-Dak-LocalLab\Sudoku-Final.X\Write_Cells.asm
                   S3rdlp   0x0000d2    program     static C:\Users\dkter\Desktop\Jac-n-Dak-LocalLab\Jac-n-Dak-LocalLab\Sudoku-Final.X\Write_Cells.asm
                   S4rdlp   0x0000ee    program     static C:\Users\dkter\Desktop\Jac-n-Dak-LocalLab\Jac-n-Dak-LocalLab\Sudoku-Final.X\Write_Cells.asm
             Write_Cursor   0x0000fc    program     extern C:\Users\dkter\Desktop\Jac-n-Dak-LocalLab\Jac-n-Dak-LocalLab\Sudoku-Final.X\Write_Cells.asm
             wrt_true_val   0x00010e    program     static C:\Users\dkter\Desktop\Jac-n-Dak-LocalLab\Jac-n-Dak-LocalLab\Sudoku-Final.X\Write_Cells.asm
          wrt_solid_block   0x000124    program     static C:\Users\dkter\Desktop\Jac-n-Dak-LocalLab\Jac-n-Dak-LocalLab\Sudoku-Final.X\Write_Cells.asm
               Write_Cell   0x00012e    program     extern C:\Users\dkter\Desktop\Jac-n-Dak-LocalLab\Jac-n-Dak-LocalLab\Sudoku-Final.X\Write_Cells.asm
                    trtlp   0x00015a    program     static C:\Users\dkter\Desktop\Jac-n-Dak-LocalLab\Jac-n-Dak-LocalLab\Sudoku-Final.X\Write_Cells.asm
                    tsslp   0x000162    program     static C:\Users\dkter\Desktop\Jac-n-Dak-LocalLab\Jac-n-Dak-LocalLab\Sudoku-Final.X\Write_Cells.asm
              draw_bottom   0x000186    program     static C:\Users\dkter\Desktop\Jac-n-Dak-LocalLab\Jac-n-Dak-LocalLab\Sudoku-Final.X\Write_Cells.asm
                    brtlp   0x000196    program     static C:\Users\dkter\Desktop\Jac-n-Dak-LocalLab\Jac-n-Dak-LocalLab\Sudoku-Final.X\Write_Cells.asm
                    bsslp   0x00019e    program     static C:\Users\dkter\Desktop\Jac-n-Dak-LocalLab\Jac-n-Dak-LocalLab\Sudoku-Final.X\Write_Cells.asm
            Read_in_Shape   0x0001b0    program     static C:\Users\dkter\Desktop\Jac-n-Dak-LocalLab\Jac-n-Dak-LocalLab\Sudoku-Final.X\Write_Cells.asm
                     idlp   0x0001c2    program     static C:\Users\dkter\Desktop\Jac-n-Dak-LocalLab\Jac-n-Dak-LocalLab\Sudoku-Final.X\Write_Cells.asm
Read_and_Replace_GLCD_Chunk   0x0001ce    program     static C:\Users\dkter\Desktop\Jac-n-Dak-LocalLab\Jac-n-Dak-LocalLab\Sudoku-Final.X\Write_Cells.asm
                     cmlp   0x0001f4    program     static C:\Users\dkter\Desktop\Jac-n-Dak-LocalLab\Jac-n-Dak-LocalLab\Sudoku-Final.X\Write_Cells.asm
              write_title   0x000212    program     extern C:\Users\dkter\Desktop\Jac-n-Dak-LocalLab\Jac-n-Dak-LocalLab\Sudoku-Final.X\Write_Message.asm
                     ullp   0x000274    program     static C:\Users\dkter\Desktop\Jac-n-Dak-LocalLab\Jac-n-Dak-LocalLab\Sudoku-Final.X\Write_Message.asm
             write_credit   0x00028c    program     extern C:\Users\dkter\Desktop\Jac-n-Dak-LocalLab\Jac-n-Dak-LocalLab\Sudoku-Final.X\Write_Message.asm
            write_correct   0x0002c6    program     extern C:\Users\dkter\Desktop\Jac-n-Dak-LocalLab\Jac-n-Dak-LocalLab\Sudoku-Final.X\Write_Message.asm
              write_wrong   0x00030e    program     extern C:\Users\dkter\Desktop\Jac-n-Dak-LocalLab\Jac-n-Dak-LocalLab\Sudoku-Final.X\Write_Message.asm
                w_padding   0x00034e    program     static C:\Users\dkter\Desktop\Jac-n-Dak-LocalLab\Jac-n-Dak-LocalLab\Sudoku-Final.X\Write_Message.asm
                     wplp   0x000350    program     static C:\Users\dkter\Desktop\Jac-n-Dak-LocalLab\Jac-n-Dak-LocalLab\Sudoku-Final.X\Write_Message.asm
              load_letter   0x00035a    program     static C:\Users\dkter\Desktop\Jac-n-Dak-LocalLab\Jac-n-Dak-LocalLab\Sudoku-Final.X\Write_Message.asm
                     lllp   0x00035c    program     static C:\Users\dkter\Desktop\Jac-n-Dak-LocalLab\Jac-n-Dak-LocalLab\Sudoku-Final.X\Write_Message.asm
                  write_c   0x00036a    program     static C:\Users\dkter\Desktop\Jac-n-Dak-LocalLab\Jac-n-Dak-LocalLab\Sudoku-Final.X\Write_Message.asm
                  write_o   0x000382    program     static C:\Users\dkter\Desktop\Jac-n-Dak-LocalLab\Jac-n-Dak-LocalLab\Sudoku-Final.X\Write_Message.asm
                  write_r   0x00039a    program     static C:\Users\dkter\Desktop\Jac-n-Dak-LocalLab\Jac-n-Dak-LocalLab\Sudoku-Final.X\Write_Message.asm
                  write_e   0x0003b2    program     static C:\Users\dkter\Desktop\Jac-n-Dak-LocalLab\Jac-n-Dak-LocalLab\Sudoku-Final.X\Write_Message.asm
                  write_t   0x0003ca    program     static C:\Users\dkter\Desktop\Jac-n-Dak-LocalLab\Jac-n-Dak-LocalLab\Sudoku-Final.X\Write_Message.asm
             write_e_mark   0x0003e2    program     static C:\Users\dkter\Desktop\Jac-n-Dak-LocalLab\Jac-n-Dak-LocalLab\Sudoku-Final.X\Write_Message.asm
                  write_w   0x0003fe    program     static C:\Users\dkter\Desktop\Jac-n-Dak-LocalLab\Jac-n-Dak-LocalLab\Sudoku-Final.X\Write_Message.asm
                  write_n   0x000416    program     static C:\Users\dkter\Desktop\Jac-n-Dak-LocalLab\Jac-n-Dak-LocalLab\Sudoku-Final.X\Write_Message.asm
                  write_g   0x00042e    program     static C:\Users\dkter\Desktop\Jac-n-Dak-LocalLab\Jac-n-Dak-LocalLab\Sudoku-Final.X\Write_Message.asm
                  write_s   0x000446    program     static C:\Users\dkter\Desktop\Jac-n-Dak-LocalLab\Jac-n-Dak-LocalLab\Sudoku-Final.X\Write_Message.asm
                  write_u   0x00045e    program     static C:\Users\dkter\Desktop\Jac-n-Dak-LocalLab\Jac-n-Dak-LocalLab\Sudoku-Final.X\Write_Message.asm
                  write_d   0x000476    program     static C:\Users\dkter\Desktop\Jac-n-Dak-LocalLab\Jac-n-Dak-LocalLab\Sudoku-Final.X\Write_Message.asm
                  write_k   0x00048e    program     static C:\Users\dkter\Desktop\Jac-n-Dak-LocalLab\Jac-n-Dak-LocalLab\Sudoku-Final.X\Write_Message.asm
                  write_j   0x0004a6    program     static C:\Users\dkter\Desktop\Jac-n-Dak-LocalLab\Jac-n-Dak-LocalLab\Sudoku-Final.X\Write_Message.asm
                  write_a   0x0004be    program     static C:\Users\dkter\Desktop\Jac-n-Dak-LocalLab\Jac-n-Dak-LocalLab\Sudoku-Final.X\Write_Message.asm
         write_left_brace   0x0004d6    program     static C:\Users\dkter\Desktop\Jac-n-Dak-LocalLab\Jac-n-Dak-LocalLab\Sudoku-Final.X\Write_Message.asm
        write_right_brace   0x0004ee    program     static C:\Users\dkter\Desktop\Jac-n-Dak-LocalLab\Jac-n-Dak-LocalLab\Sudoku-Final.X\Write_Message.asm
                write_and   0x000506    program     static C:\Users\dkter\Desktop\Jac-n-Dak-LocalLab\Jac-n-Dak-LocalLab\Sudoku-Final.X\Write_Message.asm
                    Delay   0x00051e    program     static C:\Users\dkter\Desktop\Jac-n-Dak-LocalLab\Jac-n-Dak-LocalLab\Sudoku-Final.X\KeyPad.asm
                    dllp1   0x000522    program     static C:\Users\dkter\Desktop\Jac-n-Dak-LocalLab\Jac-n-Dak-LocalLab\Sudoku-Final.X\KeyPad.asm
                 PadSetup   0x000528    program     extern C:\Users\dkter\Desktop\Jac-n-Dak-LocalLab\Jac-n-Dak-LocalLab\Sudoku-Final.X\KeyPad.asm
                    rdlp1   0x000546    program     static C:\Users\dkter\Desktop\Jac-n-Dak-LocalLab\Jac-n-Dak-LocalLab\Sudoku-Final.X\KeyPad.asm
                    rdlp2   0x000560    program     static C:\Users\dkter\Desktop\Jac-n-Dak-LocalLab\Jac-n-Dak-LocalLab\Sudoku-Final.X\KeyPad.asm
               Give_Input   0x00056c    program     extern C:\Users\dkter\Desktop\Jac-n-Dak-LocalLab\Jac-n-Dak-LocalLab\Sudoku-Final.X\KeyPad.asm
             pass_nothing   0x00058e    program     static C:\Users\dkter\Desktop\Jac-n-Dak-LocalLab\Jac-n-Dak-LocalLab\Sudoku-Final.X\KeyPad.asm
              pass_repeat   0x000596    program     static C:\Users\dkter\Desktop\Jac-n-Dak-LocalLab\Jac-n-Dak-LocalLab\Sudoku-Final.X\KeyPad.asm
                  libloop   0x0005a2    program     static C:\Users\dkter\Desktop\Jac-n-Dak-LocalLab\Jac-n-Dak-LocalLab\Sudoku-Final.X\KeyPad.asm
             pass_compare   0x0005ae    program     static C:\Users\dkter\Desktop\Jac-n-Dak-LocalLab\Jac-n-Dak-LocalLab\Sudoku-Final.X\KeyPad.asm
                no_action   0x0005b4    program     static C:\Users\dkter\Desktop\Jac-n-Dak-LocalLab\Jac-n-Dak-LocalLab\Sudoku-Final.X\KeyPad.asm
                    setup   0x0005b6    program     static C:\Users\dkter\Desktop\Jac-n-Dak-LocalLab\Jac-n-Dak-LocalLab\Sudoku-Final.X\Main.asm
                    start   0x0005da    program     static C:\Users\dkter\Desktop\Jac-n-Dak-LocalLab\Jac-n-Dak-LocalLab\Sudoku-Final.X\Main.asm
          game_loop_start   0x0005da    program     static C:\Users\dkter\Desktop\Jac-n-Dak-LocalLab\Jac-n-Dak-LocalLab\Sudoku-Final.X\Main.asm
           received_input   0x0005ec    program     static C:\Users\dkter\Desktop\Jac-n-Dak-LocalLab\Jac-n-Dak-LocalLab\Sudoku-Final.X\Main.asm
               validation   0x0005f4    program     static C:\Users\dkter\Desktop\Jac-n-Dak-LocalLab\Jac-n-Dak-LocalLab\Sudoku-Final.X\Main.asm
                 continue   0x00060c    program     static C:\Users\dkter\Desktop\Jac-n-Dak-LocalLab\Jac-n-Dak-LocalLab\Sudoku-Final.X\Main.asm
            game_loop_end   0x000614    program     static C:\Users\dkter\Desktop\Jac-n-Dak-LocalLab\Jac-n-Dak-LocalLab\Sudoku-Final.X\Main.asm
                    not_N   0x000622    program     static C:\Users\dkter\Desktop\Jac-n-Dak-LocalLab\Jac-n-Dak-LocalLab\Sudoku-Final.X\Main.asm
       correct_board_exit   0x000632    program     static C:\Users\dkter\Desktop\Jac-n-Dak-LocalLab\Jac-n-Dak-LocalLab\Sudoku-Final.X\Main.asm
               _main_0080   0x000636    program     static C:\Users\dkter\Desktop\Jac-n-Dak-LocalLab\Jac-n-Dak-LocalLab\Sudoku-Final.X\Main.asm
                 Throttle   0x00063a    program     static C:\Users\dkter\Desktop\Jac-n-Dak-LocalLab\Jac-n-Dak-LocalLab\Sudoku-Final.X\Main.asm
                    dllp1   0x00063e    program     static C:\Users\dkter\Desktop\Jac-n-Dak-LocalLab\Jac-n-Dak-LocalLab\Sudoku-Final.X\Main.asm
                    dllp2   0x000642    program     static C:\Users\dkter\Desktop\Jac-n-Dak-LocalLab\Jac-n-Dak-LocalLab\Sudoku-Final.X\Main.asm
              logic_setup   0x00064c    program     extern C:\Users\dkter\Desktop\Jac-n-Dak-LocalLab\Jac-n-Dak-LocalLab\Sudoku-Final.X\Sudoku_Logic.asm
              update_game   0x000664    program     extern C:\Users\dkter\Desktop\Jac-n-Dak-LocalLab\Jac-n-Dak-LocalLab\Sudoku-Final.X\Sudoku_Logic.asm
                arrow_con   0x00066c    program     static C:\Users\dkter\Desktop\Jac-n-Dak-LocalLab\Jac-n-Dak-LocalLab\Sudoku-Final.X\Sudoku_Logic.asm
                     Down   0x000672    program     static C:\Users\dkter\Desktop\Jac-n-Dak-LocalLab\Jac-n-Dak-LocalLab\Sudoku-Final.X\Sudoku_Logic.asm
                    Right   0x000678    program     static C:\Users\dkter\Desktop\Jac-n-Dak-LocalLab\Jac-n-Dak-LocalLab\Sudoku-Final.X\Sudoku_Logic.asm
               end_return   0x00067e    program     static C:\Users\dkter\Desktop\Jac-n-Dak-LocalLab\Jac-n-Dak-LocalLab\Sudoku-Final.X\Sudoku_Logic.asm
                    go_up   0x000686    program     static C:\Users\dkter\Desktop\Jac-n-Dak-LocalLab\Jac-n-Dak-LocalLab\Sudoku-Final.X\Sudoku_Logic.asm
                go_up_con   0x00068e    program     static C:\Users\dkter\Desktop\Jac-n-Dak-LocalLab\Jac-n-Dak-LocalLab\Sudoku-Final.X\Sudoku_Logic.asm
                  go_down   0x000696    program     static C:\Users\dkter\Desktop\Jac-n-Dak-LocalLab\Jac-n-Dak-LocalLab\Sudoku-Final.X\Sudoku_Logic.asm
              go_down_con   0x00069e    program     static C:\Users\dkter\Desktop\Jac-n-Dak-LocalLab\Jac-n-Dak-LocalLab\Sudoku-Final.X\Sudoku_Logic.asm
                 go_right   0x0006a6    program     static C:\Users\dkter\Desktop\Jac-n-Dak-LocalLab\Jac-n-Dak-LocalLab\Sudoku-Final.X\Sudoku_Logic.asm
             go_right_con   0x0006ae    program     static C:\Users\dkter\Desktop\Jac-n-Dak-LocalLab\Jac-n-Dak-LocalLab\Sudoku-Final.X\Sudoku_Logic.asm
                  go_left   0x0006b6    program     static C:\Users\dkter\Desktop\Jac-n-Dak-LocalLab\Jac-n-Dak-LocalLab\Sudoku-Final.X\Sudoku_Logic.asm
              go_left_con   0x0006be    program     static C:\Users\dkter\Desktop\Jac-n-Dak-LocalLab\Jac-n-Dak-LocalLab\Sudoku-Final.X\Sudoku_Logic.asm
                 curs_fix   0x0006c6    program     static C:\Users\dkter\Desktop\Jac-n-Dak-LocalLab\Jac-n-Dak-LocalLab\Sudoku-Final.X\Sudoku_Logic.asm
                 validate   0x0006f0    program     extern C:\Users\dkter\Desktop\Jac-n-Dak-LocalLab\Jac-n-Dak-LocalLab\Sudoku-Final.X\Board_Validation.asm
                    loop1   0x0006f8    program     static C:\Users\dkter\Desktop\Jac-n-Dak-LocalLab\Jac-n-Dak-LocalLab\Sudoku-Final.X\Board_Validation.asm
               pass_empty   0x0006fe    program     static C:\Users\dkter\Desktop\Jac-n-Dak-LocalLab\Jac-n-Dak-LocalLab\Sudoku-Final.X\Board_Validation.asm
                    loop2   0x00070e    program     static C:\Users\dkter\Desktop\Jac-n-Dak-LocalLab\Jac-n-Dak-LocalLab\Sudoku-Final.X\Board_Validation.asm
                 not_full   0x00071c    program     static C:\Users\dkter\Desktop\Jac-n-Dak-LocalLab\Jac-n-Dak-LocalLab\Sudoku-Final.X\Board_Validation.asm
                  invalid   0x000720    program     static C:\Users\dkter\Desktop\Jac-n-Dak-LocalLab\Jac-n-Dak-LocalLab\Sudoku-Final.X\Board_Validation.asm
             Create_Board   0x000724    program     extern C:\Users\dkter\Desktop\Jac-n-Dak-LocalLab\Jac-n-Dak-LocalLab\Sudoku-Final.X\Sudoku_Setup.asm
               fillout_lp   0x00073a    program     static C:\Users\dkter\Desktop\Jac-n-Dak-LocalLab\Jac-n-Dak-LocalLab\Sudoku-Final.X\Sudoku_Setup.asm
                 cheeselp   0x000756    program     static C:\Users\dkter\Desktop\Jac-n-Dak-LocalLab\Jac-n-Dak-LocalLab\Sudoku-Final.X\Sudoku_Setup.asm
            pass_cheeselp   0x000760    program     static C:\Users\dkter\Desktop\Jac-n-Dak-LocalLab\Jac-n-Dak-LocalLab\Sudoku-Final.X\Sudoku_Setup.asm
               write_hint   0x000766    program     static C:\Users\dkter\Desktop\Jac-n-Dak-LocalLab\Jac-n-Dak-LocalLab\Sudoku-Final.X\Sudoku_Setup.asm
            write_no_hint   0x000772    program     static C:\Users\dkter\Desktop\Jac-n-Dak-LocalLab\Jac-n-Dak-LocalLab\Sudoku-Final.X\Sudoku_Setup.asm
                  iterate   0x00077a    program     static C:\Users\dkter\Desktop\Jac-n-Dak-LocalLab\Jac-n-Dak-LocalLab\Sudoku-Final.X\Sudoku_Setup.asm
          Read_in_Board_1   0x00078e    program     static C:\Users\dkter\Desktop\Jac-n-Dak-LocalLab\Jac-n-Dak-LocalLab\Sudoku-Final.X\Sudoku_Setup.asm
          nine_byte_read0   0x0008b0    program     static C:\Users\dkter\Desktop\Jac-n-Dak-LocalLab\Jac-n-Dak-LocalLab\Sudoku-Final.X\Sudoku_Setup.asm
                    rd0lp   0x0008b4    program     static C:\Users\dkter\Desktop\Jac-n-Dak-LocalLab\Jac-n-Dak-LocalLab\Sudoku-Final.X\Sudoku_Setup.asm
          nine_byte_read1   0x0008c2    program     static C:\Users\dkter\Desktop\Jac-n-Dak-LocalLab\Jac-n-Dak-LocalLab\Sudoku-Final.X\Sudoku_Setup.asm
                    rd1lp   0x0008c6    program     static C:\Users\dkter\Desktop\Jac-n-Dak-LocalLab\Jac-n-Dak-LocalLab\Sudoku-Final.X\Sudoku_Setup.asm
       Create_Empty_Board   0x0008d4    program     extern C:\Users\dkter\Desktop\Jac-n-Dak-LocalLab\Jac-n-Dak-LocalLab\Sudoku-Final.X\Sudoku_Setup.asm
                     pllp   0x0008e2    program     static C:\Users\dkter\Desktop\Jac-n-Dak-LocalLab\Jac-n-Dak-LocalLab\Sudoku-Final.X\Sudoku_Setup.asm
                     sllp   0x0008f2    program     static C:\Users\dkter\Desktop\Jac-n-Dak-LocalLab\Jac-n-Dak-LocalLab\Sudoku-Final.X\Sudoku_Setup.asm
                     fplp   0x000902    program     static C:\Users\dkter\Desktop\Jac-n-Dak-LocalLab\Jac-n-Dak-LocalLab\Sudoku-Final.X\Sudoku_Setup.asm
               Y_Table_PM   0x00090a    program     static C:\Users\dkter\Desktop\Jac-n-Dak-LocalLab\Jac-n-Dak-LocalLab\Sudoku-Final.X\Write_Cells.asm
               X_Table_PM   0x00091c    program     static C:\Users\dkter\Desktop\Jac-n-Dak-LocalLab\Jac-n-Dak-LocalLab\Sudoku-Final.X\Write_Cells.asm
         X_UMask_Table_PM   0x000952    program     static C:\Users\dkter\Desktop\Jac-n-Dak-LocalLab\Jac-n-Dak-LocalLab\Sudoku-Final.X\Write_Cells.asm
         X_LMask_Table_PM   0x000964    program     static C:\Users\dkter\Desktop\Jac-n-Dak-LocalLab\Jac-n-Dak-LocalLab\Sudoku-Final.X\Write_Cells.asm
               Shapes_PM1   0x000976    program     static C:\Users\dkter\Desktop\Jac-n-Dak-LocalLab\Jac-n-Dak-LocalLab\Sudoku-Final.X\Write_Cells.asm
               Shapes_PM2   0x000994    program     static C:\Users\dkter\Desktop\Jac-n-Dak-LocalLab\Jac-n-Dak-LocalLab\Sudoku-Final.X\Write_Cells.asm
               Shapes_PM3   0x0009b2    program     static C:\Users\dkter\Desktop\Jac-n-Dak-LocalLab\Jac-n-Dak-LocalLab\Sudoku-Final.X\Write_Cells.asm
               Shapes_PM4   0x0009d0    program     static C:\Users\dkter\Desktop\Jac-n-Dak-LocalLab\Jac-n-Dak-LocalLab\Sudoku-Final.X\Write_Cells.asm
                     C_PM   0x0009e4    program     static C:\Users\dkter\Desktop\Jac-n-Dak-LocalLab\Jac-n-Dak-LocalLab\Sudoku-Final.X\Write_Message.asm
                     O_PM   0x0009ec    program     static C:\Users\dkter\Desktop\Jac-n-Dak-LocalLab\Jac-n-Dak-LocalLab\Sudoku-Final.X\Write_Message.asm
                     R_PM   0x0009f4    program     static C:\Users\dkter\Desktop\Jac-n-Dak-LocalLab\Jac-n-Dak-LocalLab\Sudoku-Final.X\Write_Message.asm
                     E_PM   0x0009fc    program     static C:\Users\dkter\Desktop\Jac-n-Dak-LocalLab\Jac-n-Dak-LocalLab\Sudoku-Final.X\Write_Message.asm
                     T_PM   0x000a04    program     static C:\Users\dkter\Desktop\Jac-n-Dak-LocalLab\Jac-n-Dak-LocalLab\Sudoku-Final.X\Write_Message.asm
                E_Mark_PM   0x000a0e    program     static C:\Users\dkter\Desktop\Jac-n-Dak-LocalLab\Jac-n-Dak-LocalLab\Sudoku-Final.X\Write_Message.asm
                     W_PM   0x000a10    program     static C:\Users\dkter\Desktop\Jac-n-Dak-LocalLab\Jac-n-Dak-LocalLab\Sudoku-Final.X\Write_Message.asm
                     N_PM   0x000a1a    program     static C:\Users\dkter\Desktop\Jac-n-Dak-LocalLab\Jac-n-Dak-LocalLab\Sudoku-Final.X\Write_Message.asm
                     G_PM   0x000a22    program     static C:\Users\dkter\Desktop\Jac-n-Dak-LocalLab\Jac-n-Dak-LocalLab\Sudoku-Final.X\Write_Message.asm
                     S_PM   0x000a2a    program     static C:\Users\dkter\Desktop\Jac-n-Dak-LocalLab\Jac-n-Dak-LocalLab\Sudoku-Final.X\Write_Message.asm
                     U_PM   0x000a32    program     static C:\Users\dkter\Desktop\Jac-n-Dak-LocalLab\Jac-n-Dak-LocalLab\Sudoku-Final.X\Write_Message.asm
                     D_PM   0x000a3a    program     static C:\Users\dkter\Desktop\Jac-n-Dak-LocalLab\Jac-n-Dak-LocalLab\Sudoku-Final.X\Write_Message.asm
                     K_PM   0x000a42    program     static C:\Users\dkter\Desktop\Jac-n-Dak-LocalLab\Jac-n-Dak-LocalLab\Sudoku-Final.X\Write_Message.asm
                     J_PM   0x000a4a    program     static C:\Users\dkter\Desktop\Jac-n-Dak-LocalLab\Jac-n-Dak-LocalLab\Sudoku-Final.X\Write_Message.asm
                     A_PM   0x000a52    program     static C:\Users\dkter\Desktop\Jac-n-Dak-LocalLab\Jac-n-Dak-LocalLab\Sudoku-Final.X\Write_Message.asm
                   and_PM   0x000a5a    program     static C:\Users\dkter\Desktop\Jac-n-Dak-LocalLab\Jac-n-Dak-LocalLab\Sudoku-Final.X\Write_Message.asm
            left_brace_PM   0x000a6c    program     static C:\Users\dkter\Desktop\Jac-n-Dak-LocalLab\Jac-n-Dak-LocalLab\Sudoku-Final.X\Write_Message.asm
           right_brace_PM   0x000a74    program     static C:\Users\dkter\Desktop\Jac-n-Dak-LocalLab\Jac-n-Dak-LocalLab\Sudoku-Final.X\Write_Message.asm
                no1s_row0   0x000a7c    program     static C:\Users\dkter\Desktop\Jac-n-Dak-LocalLab\Jac-n-Dak-LocalLab\Sudoku-Final.X\Sudoku_Setup.asm
                no1s_row1   0x000a8e    program     static C:\Users\dkter\Desktop\Jac-n-Dak-LocalLab\Jac-n-Dak-LocalLab\Sudoku-Final.X\Sudoku_Setup.asm
                no1s_row2   0x000aa0    program     static C:\Users\dkter\Desktop\Jac-n-Dak-LocalLab\Jac-n-Dak-LocalLab\Sudoku-Final.X\Sudoku_Setup.asm
                no1s_row3   0x000ab2    program     static C:\Users\dkter\Desktop\Jac-n-Dak-LocalLab\Jac-n-Dak-LocalLab\Sudoku-Final.X\Sudoku_Setup.asm
                no1s_row4   0x000ac4    program     static C:\Users\dkter\Desktop\Jac-n-Dak-LocalLab\Jac-n-Dak-LocalLab\Sudoku-Final.X\Sudoku_Setup.asm
                no1s_row5   0x000ad6    program     static C:\Users\dkter\Desktop\Jac-n-Dak-LocalLab\Jac-n-Dak-LocalLab\Sudoku-Final.X\Sudoku_Setup.asm
                no1s_row6   0x000ae8    program     static C:\Users\dkter\Desktop\Jac-n-Dak-LocalLab\Jac-n-Dak-LocalLab\Sudoku-Final.X\Sudoku_Setup.asm
                no1s_row7   0x000afa    program     static C:\Users\dkter\Desktop\Jac-n-Dak-LocalLab\Jac-n-Dak-LocalLab\Sudoku-Final.X\Sudoku_Setup.asm
                no1s_row8   0x000b0c    program     static C:\Users\dkter\Desktop\Jac-n-Dak-LocalLab\Jac-n-Dak-LocalLab\Sudoku-Final.X\Sudoku_Setup.asm
                no1h_row0   0x000b1e    program     static C:\Users\dkter\Desktop\Jac-n-Dak-LocalLab\Jac-n-Dak-LocalLab\Sudoku-Final.X\Sudoku_Setup.asm
                no1h_row1   0x000b30    program     static C:\Users\dkter\Desktop\Jac-n-Dak-LocalLab\Jac-n-Dak-LocalLab\Sudoku-Final.X\Sudoku_Setup.asm
                no1h_row2   0x000b42    program     static C:\Users\dkter\Desktop\Jac-n-Dak-LocalLab\Jac-n-Dak-LocalLab\Sudoku-Final.X\Sudoku_Setup.asm
                no1h_row3   0x000b54    program     static C:\Users\dkter\Desktop\Jac-n-Dak-LocalLab\Jac-n-Dak-LocalLab\Sudoku-Final.X\Sudoku_Setup.asm
                no1h_row4   0x000b66    program     static C:\Users\dkter\Desktop\Jac-n-Dak-LocalLab\Jac-n-Dak-LocalLab\Sudoku-Final.X\Sudoku_Setup.asm
                no1h_row5   0x000b78    program     static C:\Users\dkter\Desktop\Jac-n-Dak-LocalLab\Jac-n-Dak-LocalLab\Sudoku-Final.X\Sudoku_Setup.asm
                no1h_row6   0x000b8a    program     static C:\Users\dkter\Desktop\Jac-n-Dak-LocalLab\Jac-n-Dak-LocalLab\Sudoku-Final.X\Sudoku_Setup.asm
                no1h_row7   0x000b9c    program     static C:\Users\dkter\Desktop\Jac-n-Dak-LocalLab\Jac-n-Dak-LocalLab\Sudoku-Final.X\Sudoku_Setup.asm
                no1h_row8   0x000bae    program     static C:\Users\dkter\Desktop\Jac-n-Dak-LocalLab\Jac-n-Dak-LocalLab\Sudoku-Final.X\Sudoku_Setup.asm
               GLCD_Setup   0x000bc0    program     extern C:\Users\dkter\Desktop\Jac-n-Dak-LocalLab\Jac-n-Dak-LocalLab\Sudoku-Final.X\GLCD.asm
              Clear_Board   0x000bec    program     extern C:\Users\dkter\Desktop\Jac-n-Dak-LocalLab\Jac-n-Dak-LocalLab\Sudoku-Final.X\GLCD.asm
                   rclrlp   0x000bee    program     static C:\Users\dkter\Desktop\Jac-n-Dak-LocalLab\Jac-n-Dak-LocalLab\Sudoku-Final.X\GLCD.asm
                   cclrlp   0x000bf8    program     static C:\Users\dkter\Desktop\Jac-n-Dak-LocalLab\Jac-n-Dak-LocalLab\Sudoku-Final.X\GLCD.asm
              Write_Block   0x000c10    program     extern C:\Users\dkter\Desktop\Jac-n-Dak-LocalLab\Jac-n-Dak-LocalLab\Sudoku-Final.X\GLCD.asm
                     wblp   0x000c16    program     static C:\Users\dkter\Desktop\Jac-n-Dak-LocalLab\Jac-n-Dak-LocalLab\Sudoku-Final.X\GLCD.asm
            Write_Block_2   0x000c24    program     extern C:\Users\dkter\Desktop\Jac-n-Dak-LocalLab\Jac-n-Dak-LocalLab\Sudoku-Final.X\GLCD.asm
               Read_Block   0x000c32    program     extern C:\Users\dkter\Desktop\Jac-n-Dak-LocalLab\Jac-n-Dak-LocalLab\Sudoku-Final.X\GLCD.asm
                     rblp   0x000c3e    program     static C:\Users\dkter\Desktop\Jac-n-Dak-LocalLab\Jac-n-Dak-LocalLab\Sudoku-Final.X\GLCD.asm
               Test_Write   0x000c56    program     extern C:\Users\dkter\Desktop\Jac-n-Dak-LocalLab\Jac-n-Dak-LocalLab\Sudoku-Final.X\GLCD.asm
             Test_Write_2   0x000caa    program     extern C:\Users\dkter\Desktop\Jac-n-Dak-LocalLab\Jac-n-Dak-LocalLab\Sudoku-Final.X\GLCD.asm
                     twtp   0x000cac    program     static C:\Users\dkter\Desktop\Jac-n-Dak-LocalLab\Jac-n-Dak-LocalLab\Sudoku-Final.X\GLCD.asm
                     rplp   0x000cbe    program     static C:\Users\dkter\Desktop\Jac-n-Dak-LocalLab\Jac-n-Dak-LocalLab\Sudoku-Final.X\GLCD.asm
        Reset_GLCD_Cursor   0x000cd6    program     static C:\Users\dkter\Desktop\Jac-n-Dak-LocalLab\Jac-n-Dak-LocalLab\Sudoku-Final.X\GLCD.asm
        Set_GLCD_Cursor_X   0x000ce4    program     extern C:\Users\dkter\Desktop\Jac-n-Dak-LocalLab\Jac-n-Dak-LocalLab\Sudoku-Final.X\GLCD.asm
        Set_GLCD_Cursor_Y   0x000cec    program     extern C:\Users\dkter\Desktop\Jac-n-Dak-LocalLab\Jac-n-Dak-LocalLab\Sudoku-Final.X\GLCD.asm
      Set_GLCD_Cursor_X_2   0x000cf4    program     extern C:\Users\dkter\Desktop\Jac-n-Dak-LocalLab\Jac-n-Dak-LocalLab\Sudoku-Final.X\GLCD.asm
      Set_GLCD_Cursor_Y_2   0x000d08    program     extern C:\Users\dkter\Desktop\Jac-n-Dak-LocalLab\Jac-n-Dak-LocalLab\Sudoku-Final.X\GLCD.asm
                Send_Data   0x000d1c    program     extern C:\Users\dkter\Desktop\Jac-n-Dak-LocalLab\Jac-n-Dak-LocalLab\Sudoku-Final.X\GLCD.asm
               Send_Instr   0x000d28    program     static C:\Users\dkter\Desktop\Jac-n-Dak-LocalLab\Jac-n-Dak-LocalLab\Sudoku-Final.X\GLCD.asm
                  E_Pulse   0x000d34    program     static C:\Users\dkter\Desktop\Jac-n-Dak-LocalLab\Jac-n-Dak-LocalLab\Sudoku-Final.X\GLCD.asm
                    Delay   0x000d42    program     static C:\Users\dkter\Desktop\Jac-n-Dak-LocalLab\Jac-n-Dak-LocalLab\Sudoku-Final.X\GLCD.asm
                    dllp1   0x000d46    program     static C:\Users\dkter\Desktop\Jac-n-Dak-LocalLab\Jac-n-Dak-LocalLab\Sudoku-Final.X\GLCD.asm
                Draw_Grid   0x000d4c    program     extern C:\Users\dkter\Desktop\Jac-n-Dak-LocalLab\Jac-n-Dak-LocalLab\Sudoku-Final.X\Draw_Grid.asm
            Draw_Grid_Row   0x000dce    program     static C:\Users\dkter\Desktop\Jac-n-Dak-LocalLab\Jac-n-Dak-LocalLab\Sudoku-Final.X\Draw_Grid.asm
                      blp   0x000de4    program     static C:\Users\dkter\Desktop\Jac-n-Dak-LocalLab\Jac-n-Dak-LocalLab\Sudoku-Final.X\Draw_Grid.asm
                     bilp   0x000dee    program     static C:\Users\dkter\Desktop\Jac-n-Dak-LocalLab\Jac-n-Dak-LocalLab\Sudoku-Final.X\Draw_Grid.asm
             keypad_codes   0x000e10    program     static C:\Users\dkter\Desktop\Jac-n-Dak-LocalLab\Jac-n-Dak-LocalLab\Sudoku-Final.X\KeyPad.asm
          desired_outputs   0x000e20    program     static C:\Users\dkter\Desktop\Jac-n-Dak-LocalLab\Jac-n-Dak-LocalLab\Sudoku-Final.X\KeyPad.asm
              delay_count   0x000000       data     static C:\Users\dkter\Desktop\Jac-n-Dak-LocalLab\Jac-n-Dak-LocalLab\Sudoku-Final.X\GLCD.asm
             delay_count1   0x000001       data     static C:\Users\dkter\Desktop\Jac-n-Dak-LocalLab\Jac-n-Dak-LocalLab\Sudoku-Final.X\GLCD.asm
             delay_count2   0x000002       data     static C:\Users\dkter\Desktop\Jac-n-Dak-LocalLab\Jac-n-Dak-LocalLab\Sudoku-Final.X\GLCD.asm
           test_col_count   0x000003       data     static C:\Users\dkter\Desktop\Jac-n-Dak-LocalLab\Jac-n-Dak-LocalLab\Sudoku-Final.X\GLCD.asm
           test_row_count   0x000004       data     static C:\Users\dkter\Desktop\Jac-n-Dak-LocalLab\Jac-n-Dak-LocalLab\Sudoku-Final.X\GLCD.asm
              block_count   0x000005       data     static C:\Users\dkter\Desktop\Jac-n-Dak-LocalLab\Jac-n-Dak-LocalLab\Sudoku-Final.X\GLCD.asm
              shift_count   0x000006       data     static C:\Users\dkter\Desktop\Jac-n-Dak-LocalLab\Jac-n-Dak-LocalLab\Sudoku-Final.X\GLCD.asm
              number_name   0x000007       data     extern C:\Users\dkter\Desktop\Jac-n-Dak-LocalLab\Jac-n-Dak-LocalLab\Sudoku-Final.X\Write_Cells.asm
                 sudoku_x   0x000008       data     extern C:\Users\dkter\Desktop\Jac-n-Dak-LocalLab\Jac-n-Dak-LocalLab\Sudoku-Final.X\Write_Cells.asm
                 sudoku_y   0x000009       data     extern C:\Users\dkter\Desktop\Jac-n-Dak-LocalLab\Jac-n-Dak-LocalLab\Sudoku-Final.X\Write_Cells.asm
                  w_input   0x00000a       data     static C:\Users\dkter\Desktop\Jac-n-Dak-LocalLab\Jac-n-Dak-LocalLab\Sudoku-Final.X\Write_Cells.asm
          Reading_Counter   0x00000b       data     static C:\Users\dkter\Desktop\Jac-n-Dak-LocalLab\Jac-n-Dak-LocalLab\Sudoku-Final.X\Write_Cells.asm
                    tlp_x   0x00000c       data     static C:\Users\dkter\Desktop\Jac-n-Dak-LocalLab\Jac-n-Dak-LocalLab\Sudoku-Final.X\Write_Cells.asm
                    tlp_y   0x00000d       data     static C:\Users\dkter\Desktop\Jac-n-Dak-LocalLab\Jac-n-Dak-LocalLab\Sudoku-Final.X\Write_Cells.asm
                     mask   0x00000e       data     static C:\Users\dkter\Desktop\Jac-n-Dak-LocalLab\Jac-n-Dak-LocalLab\Sudoku-Final.X\Write_Cells.asm
           rotate_counter   0x00000f       data     static C:\Users\dkter\Desktop\Jac-n-Dak-LocalLab\Jac-n-Dak-LocalLab\Sudoku-Final.X\Write_Cells.asm
                read_data   0x000010       data     static C:\Users\dkter\Desktop\Jac-n-Dak-LocalLab\Jac-n-Dak-LocalLab\Sudoku-Final.X\Write_Cells.asm
            shifted_shape   0x000015       data     static C:\Users\dkter\Desktop\Jac-n-Dak-LocalLab\Jac-n-Dak-LocalLab\Sudoku-Final.X\Write_Cells.asm
                  counter   0x00001a       data     static C:\Users\dkter\Desktop\Jac-n-Dak-LocalLab\Jac-n-Dak-LocalLab\Sudoku-Final.X\Write_Cells.asm
        game_loop_counter   0x00001b       data     static C:\Users\dkter\Desktop\Jac-n-Dak-LocalLab\Jac-n-Dak-LocalLab\Sudoku-Final.X\Main.asm
                  w_store   0x00001c       data     static C:\Users\dkter\Desktop\Jac-n-Dak-LocalLab\Jac-n-Dak-LocalLab\Sudoku-Final.X\Main.asm
             delay_count1   0x00001d       data     static C:\Users\dkter\Desktop\Jac-n-Dak-LocalLab\Jac-n-Dak-LocalLab\Sudoku-Final.X\Main.asm
             delay_count2   0x00001e       data     static C:\Users\dkter\Desktop\Jac-n-Dak-LocalLab\Jac-n-Dak-LocalLab\Sudoku-Final.X\Main.asm
              current_row   0x00001f       data     static C:\Users\dkter\Desktop\Jac-n-Dak-LocalLab\Jac-n-Dak-LocalLab\Sudoku-Final.X\Draw_Grid.asm
         vert_lin_pattern   0x000020       data     static C:\Users\dkter\Desktop\Jac-n-Dak-LocalLab\Jac-n-Dak-LocalLab\Sudoku-Final.X\Draw_Grid.asm
         horz_lin_pattern   0x000021       data     static C:\Users\dkter\Desktop\Jac-n-Dak-LocalLab\Jac-n-Dak-LocalLab\Sudoku-Final.X\Draw_Grid.asm
              block_count   0x000022       data     static C:\Users\dkter\Desktop\Jac-n-Dak-LocalLab\Jac-n-Dak-LocalLab\Sudoku-Final.X\Draw_Grid.asm
     internal_block_count   0x000023       data     static C:\Users\dkter\Desktop\Jac-n-Dak-LocalLab\Jac-n-Dak-LocalLab\Sudoku-Final.X\Draw_Grid.asm
                 cursor_x   0x000024       data     extern C:\Users\dkter\Desktop\Jac-n-Dak-LocalLab\Jac-n-Dak-LocalLab\Sudoku-Final.X\Sudoku_Logic.asm
                 cursor_y   0x000025       data     extern C:\Users\dkter\Desktop\Jac-n-Dak-LocalLab\Jac-n-Dak-LocalLab\Sudoku-Final.X\Sudoku_Logic.asm
                     W_in   0x000026       data     static C:\Users\dkter\Desktop\Jac-n-Dak-LocalLab\Jac-n-Dak-LocalLab\Sudoku-Final.X\Sudoku_Logic.asm
                       UP   0x000027       data     static C:\Users\dkter\Desktop\Jac-n-Dak-LocalLab\Jac-n-Dak-LocalLab\Sudoku-Final.X\Sudoku_Logic.asm
                     DOWN   0x000028       data     static C:\Users\dkter\Desktop\Jac-n-Dak-LocalLab\Jac-n-Dak-LocalLab\Sudoku-Final.X\Sudoku_Logic.asm
                    RIGHT   0x000029       data     static C:\Users\dkter\Desktop\Jac-n-Dak-LocalLab\Jac-n-Dak-LocalLab\Sudoku-Final.X\Sudoku_Logic.asm
                     LEFT   0x00002a       data     static C:\Users\dkter\Desktop\Jac-n-Dak-LocalLab\Jac-n-Dak-LocalLab\Sudoku-Final.X\Sudoku_Logic.asm
                    FIXED   0x00002b       data     static C:\Users\dkter\Desktop\Jac-n-Dak-LocalLab\Jac-n-Dak-LocalLab\Sudoku-Final.X\Sudoku_Logic.asm
                  counter   0x00002c       data     static C:\Users\dkter\Desktop\Jac-n-Dak-LocalLab\Jac-n-Dak-LocalLab\Sudoku-Final.X\Board_Validation.asm
                  counter   0x00002d       data     static C:\Users\dkter\Desktop\Jac-n-Dak-LocalLab\Jac-n-Dak-LocalLab\Sudoku-Final.X\KeyPad.asm
                   Temprd   0x00002e       data     static C:\Users\dkter\Desktop\Jac-n-Dak-LocalLab\Jac-n-Dak-LocalLab\Sudoku-Final.X\KeyPad.asm
              delay_count   0x00002f       data     static C:\Users\dkter\Desktop\Jac-n-Dak-LocalLab\Jac-n-Dak-LocalLab\Sudoku-Final.X\KeyPad.asm
           previous_input   0x000030       data     static C:\Users\dkter\Desktop\Jac-n-Dak-LocalLab\Jac-n-Dak-LocalLab\Sudoku-Final.X\KeyPad.asm
                  counter   0x000031       data     static C:\Users\dkter\Desktop\Jac-n-Dak-LocalLab\Jac-n-Dak-LocalLab\Sudoku-Final.X\Write_Message.asm
                  counter   0x000032       data     static C:\Users\dkter\Desktop\Jac-n-Dak-LocalLab\Jac-n-Dak-LocalLab\Sudoku-Final.X\Sudoku_Setup.asm
              row_message   0x000300       data     static C:\Users\dkter\Desktop\Jac-n-Dak-LocalLab\Jac-n-Dak-LocalLab\Sudoku-Final.X\Write_Message.asm
                  Y_Table   0x000400       data     static C:\Users\dkter\Desktop\Jac-n-Dak-LocalLab\Jac-n-Dak-LocalLab\Sudoku-Final.X\Write_Cells.asm
                  X_Table   0x000409       data     static C:\Users\dkter\Desktop\Jac-n-Dak-LocalLab\Jac-n-Dak-LocalLab\Sudoku-Final.X\Write_Cells.asm
            X_UMask_Table   0x000430       data     static C:\Users\dkter\Desktop\Jac-n-Dak-LocalLab\Jac-n-Dak-LocalLab\Sudoku-Final.X\Write_Cells.asm
            X_LMask_Table   0x000439       data     static C:\Users\dkter\Desktop\Jac-n-Dak-LocalLab\Jac-n-Dak-LocalLab\Sudoku-Final.X\Write_Cells.asm
             Shapes_Table   0x000500       data     static C:\Users\dkter\Desktop\Jac-n-Dak-LocalLab\Jac-n-Dak-LocalLab\Sudoku-Final.X\Write_Cells.asm
                 PadCodes   0x000600       data     static C:\Users\dkter\Desktop\Jac-n-Dak-LocalLab\Jac-n-Dak-LocalLab\Sudoku-Final.X\KeyPad.asm
         sudoku_brdplayer   0x000700       data     extern C:\Users\dkter\Desktop\Jac-n-Dak-LocalLab\Jac-n-Dak-LocalLab\Sudoku-Final.X\Sudoku_Logic.asm
         sudoku_brdfixedp   0x000751       data     extern C:\Users\dkter\Desktop\Jac-n-Dak-LocalLab\Jac-n-Dak-LocalLab\Sudoku-Final.X\Sudoku_Logic.asm
       sudoku_brdsolution   0x000800       data     extern C:\Users\dkter\Desktop\Jac-n-Dak-LocalLab\Jac-n-Dak-LocalLab\Sudoku-Final.X\Sudoku_Logic.asm


